// Vitest Snapshot v1, https://vitest.dev/guide/snapshot.html

exports[`angular > 'angular' > should configure the expected rules 1`] = `
{
  "@angular-eslint/component-class-suffix": "error",
  "@angular-eslint/component-selector": [
    "error",
    {
      "prefix": "app",
      "style": "kebab-case",
      "type": "element",
    },
  ],
  "@angular-eslint/contextual-lifecycle": "error",
  "@angular-eslint/directive-class-suffix": "off",
  "@angular-eslint/directive-selector": [
    "off",
    {
      "prefix": "app",
      "style": "camelCase",
      "type": "attribute",
    },
  ],
  "@angular-eslint/no-empty-lifecycle-method": "error",
  "@angular-eslint/no-input-rename": "error",
  "@angular-eslint/no-inputs-metadata-property": "error",
  "@angular-eslint/no-output-native": "error",
  "@angular-eslint/no-output-on-prefix": "error",
  "@angular-eslint/no-output-rename": "error",
  "@angular-eslint/no-outputs-metadata-property": "error",
  "@angular-eslint/prefer-standalone": "error",
  "@angular-eslint/use-lifecycle-interface": "error",
  "@angular-eslint/use-pipe-transform-interface": "error",
}
`;

exports[`angular > 'angularTemplate' > should configure the expected rules 1`] = `
{
  "@angular-eslint/template/banana-in-box": "error",
  "@angular-eslint/template/eqeqeq": "error",
  "@angular-eslint/template/no-negated-async": "error",
}
`;
