// Vitest Snapshot v1, https://vitest.dev/guide/snapshot.html

exports[`googleAppsScript > should configure the expected languageOptions 1`] = `
{
  "globals": {
    "AdSense": "readonly",
    "AdminDirectory": "readonly",
    "AdminGroupsMigration": "readonly",
    "AdminGroupsSettings": "readonly",
    "AdminLicenseManager": "readonly",
    "AdminReports": "readonly",
    "AdminReseller": "readonly",
    "Analytics": "readonly",
    "AnalyticsReporting": "readonly",
    "AppsActivity": "readonly",
    "BigQuery": "readonly",
    "Browser": "readonly",
    "CacheService": "readonly",
    "Calendar": "readonly",
    "CalendarApp": "readonly",
    "CardService": "readonly",
    "Charts": "readonly",
    "Classroom": "readonly",
    "ConferenceDataService": "readonly",
    "ContactsApp": "readonly",
    "ContentService": "readonly",
    "DataStudioApp": "readonly",
    "Docs": "readonly",
    "DocumentApp": "readonly",
    "DoubleClickCampaigns": "readonly",
    "Drive": "readonly",
    "DriveActivity": "readonly",
    "DriveApp": "readonly",
    "FormApp": "readonly",
    "FusionTables": "readonly",
    "Gmail": "readonly",
    "GmailApp": "readonly",
    "GoogleAppsScript": "readonly",
    "GroupsApp": "readonly",
    "HtmlService": "readonly",
    "Jdbc": "readonly",
    "LanguageApp": "readonly",
    "LinearOptimizationService": "readonly",
    "LockService": "readonly",
    "Logger": "readonly",
    "MailApp": "readonly",
    "Maps": "readonly",
    "MimeType": "readonly",
    "Mirror": "readonly",
    "People": "readonly",
    "PropertiesService": "readonly",
    "ScriptApp": "readonly",
    "Session": "readonly",
    "Sheets": "readonly",
    "ShoppingContent": "readonly",
    "SitesApp": "readonly",
    "Slides": "readonly",
    "SlidesApp": "readonly",
    "SpreadsheetApp": "readonly",
    "TagManager": "readonly",
    "Tasks": "readonly",
    "UrlFetchApp": "readonly",
    "Utilities": "readonly",
    "XmlService": "readonly",
    "YouTube": "readonly",
    "YouTubeAnalytics": "readonly",
    "YouTubeContentId": "readonly",
    "console": "readonly",
  },
}
`;
