// Vitest Snapshot v1, https://vitest.dev/guide/snapshot.html

exports[`jestDom > should configure the expected rules 1`] = `
{
  "jest-dom/prefer-checked": "error",
  "jest-dom/prefer-empty": "error",
  "jest-dom/prefer-enabled-disabled": "error",
  "jest-dom/prefer-focus": "error",
  "jest-dom/prefer-in-document": "error",
  "jest-dom/prefer-required": "error",
  "jest-dom/prefer-to-have-attribute": "error",
  "jest-dom/prefer-to-have-class": "error",
  "jest-dom/prefer-to-have-style": "error",
  "jest-dom/prefer-to-have-text-content": "error",
  "jest-dom/prefer-to-have-value": "error",
}
`;
