// Vitest Snapshot v1, https://vitest.dev/guide/snapshot.html

exports[`promise > should configure the expected rules 1`] = `
{
  "promise/always-return": "error",
  "promise/avoid-new": "off",
  "promise/catch-or-return": "off",
  "promise/no-callback-in-promise": "error",
  "promise/no-multiple-resolved": "error",
  "promise/no-native": "off",
  "promise/no-nesting": "error",
  "promise/no-new-statics": "error",
  "promise/no-promise-in-callback": "error",
  "promise/no-return-in-finally": "error",
  "promise/no-return-wrap": "error",
  "promise/param-names": "error",
  "promise/prefer-await-to-callbacks": "error",
  "promise/prefer-await-to-then": "error",
  "promise/spec-only": "error",
  "promise/valid-params": "error",
}
`;
