// Vitest Snapshot v1, https://vitest.dev/guide/snapshot.html

exports[`unicorn > should configure the expected rules 1`] = `
{
  "unicorn/better-regex": "off",
  "unicorn/catch-error-name": [
    "error",
    {
      "name": "error",
    },
  ],
  "unicorn/consistent-assert": "error",
  "unicorn/consistent-date-clone": "error",
  "unicorn/consistent-destructuring": "off",
  "unicorn/consistent-empty-array-spread": "error",
  "unicorn/consistent-existence-index-check": "error",
  "unicorn/consistent-function-scoping": "error",
  "unicorn/custom-error-definition": "off",
  "unicorn/empty-brace-spaces": "off",
  "unicorn/error-message": "error",
  "unicorn/escape-case": "error",
  "unicorn/expiring-todo-comments": "off",
  "unicorn/explicit-length-check": "off",
  "unicorn/filename-case": "off",
  "unicorn/import-style": "off",
  "unicorn/new-for-builtins": "error",
  "unicorn/no-abusive-eslint-disable": "error",
  "unicorn/no-accessor-recursion": "error",
  "unicorn/no-anonymous-default-export": "error",
  "unicorn/no-array-callback-reference": "off",
  "unicorn/no-array-for-each": "off",
  "unicorn/no-array-method-this-argument": "error",
  "unicorn/no-array-reduce": "off",
  "unicorn/no-array-reverse": "error",
  "unicorn/no-await-expression-member": "off",
  "unicorn/no-await-in-promise-methods": "error",
  "unicorn/no-console-spaces": "off",
  "unicorn/no-document-cookie": "error",
  "unicorn/no-empty-file": "off",
  "unicorn/no-for-loop": "error",
  "unicorn/no-hex-escape": "off",
  "unicorn/no-instanceof-builtins": "error",
  "unicorn/no-invalid-fetch-options": "error",
  "unicorn/no-invalid-remove-event-listener": "error",
  "unicorn/no-keyword-prefix": "off",
  "unicorn/no-lonely-if": "error",
  "unicorn/no-magic-array-flat-depth": "off",
  "unicorn/no-named-default": "error",
  "unicorn/no-negated-condition": "off",
  "unicorn/no-negation-in-equality-check": "error",
  "unicorn/no-nested-ternary": "off",
  "unicorn/no-new-array": "error",
  "unicorn/no-new-buffer": "error",
  "unicorn/no-null": "error",
  "unicorn/no-object-as-default-parameter": "off",
  "unicorn/no-process-exit": "error",
  "unicorn/no-single-promise-in-promise-methods": "error",
  "unicorn/no-static-only-class": "off",
  "unicorn/no-thenable": "error",
  "unicorn/no-this-assignment": "error",
  "unicorn/no-typeof-undefined": "error",
  "unicorn/no-unnecessary-array-flat-depth": "error",
  "unicorn/no-unnecessary-array-splice-count": "error",
  "unicorn/no-unnecessary-await": "error",
  "unicorn/no-unnecessary-polyfills": "error",
  "unicorn/no-unnecessary-slice-end": "error",
  "unicorn/no-unreadable-array-destructuring": "off",
  "unicorn/no-unreadable-iife": "off",
  "unicorn/no-unused-properties": "off",
  "unicorn/no-useless-error-capture-stack-trace": "error",
  "unicorn/no-useless-fallback-in-spread": "error",
  "unicorn/no-useless-length-check": "off",
  "unicorn/no-useless-promise-resolve-reject": "error",
  "unicorn/no-useless-spread": "error",
  "unicorn/no-useless-switch-case": "error",
  "unicorn/no-useless-undefined": "error",
  "unicorn/no-zero-fractions": "error",
  "unicorn/number-literal-case": "error",
  "unicorn/numeric-separators-style": "error",
  "unicorn/prefer-add-event-listener": "error",
  "unicorn/prefer-array-find": "error",
  "unicorn/prefer-array-flat": "error",
  "unicorn/prefer-array-flat-map": "error",
  "unicorn/prefer-array-index-of": "error",
  "unicorn/prefer-array-some": "error",
  "unicorn/prefer-at": "error",
  "unicorn/prefer-blob-reading-methods": "error",
  "unicorn/prefer-class-fields": "error",
  "unicorn/prefer-code-point": "error",
  "unicorn/prefer-date-now": "error",
  "unicorn/prefer-default-parameters": "error",
  "unicorn/prefer-dom-node-append": "error",
  "unicorn/prefer-dom-node-dataset": "off",
  "unicorn/prefer-dom-node-remove": "error",
  "unicorn/prefer-dom-node-text-content": "error",
  "unicorn/prefer-event-target": "error",
  "unicorn/prefer-export-from": "error",
  "unicorn/prefer-global-this": "error",
  "unicorn/prefer-import-meta-properties": "error",
  "unicorn/prefer-includes": "error",
  "unicorn/prefer-json-parse-buffer": "off",
  "unicorn/prefer-keyboard-event-key": "error",
  "unicorn/prefer-logical-operator-over-ternary": "error",
  "unicorn/prefer-math-min-max": "error",
  "unicorn/prefer-math-trunc": "error",
  "unicorn/prefer-modern-dom-apis": "error",
  "unicorn/prefer-modern-math-apis": "error",
  "unicorn/prefer-module": "error",
  "unicorn/prefer-native-coercion-functions": "error",
  "unicorn/prefer-negative-index": "error",
  "unicorn/prefer-node-protocol": "off",
  "unicorn/prefer-number-properties": "off",
  "unicorn/prefer-object-from-entries": "error",
  "unicorn/prefer-optional-catch-binding": "error",
  "unicorn/prefer-prototype-methods": "error",
  "unicorn/prefer-query-selector": "off",
  "unicorn/prefer-reflect-apply": "error",
  "unicorn/prefer-regexp-test": "error",
  "unicorn/prefer-set-has": "error",
  "unicorn/prefer-set-size": "error",
  "unicorn/prefer-single-call": "error",
  "unicorn/prefer-spread": "error",
  "unicorn/prefer-string-raw": "error",
  "unicorn/prefer-string-replace-all": "error",
  "unicorn/prefer-string-slice": "error",
  "unicorn/prefer-string-starts-ends-with": "error",
  "unicorn/prefer-string-trim-start-end": "error",
  "unicorn/prefer-structured-clone": "error",
  "unicorn/prefer-switch": "error",
  "unicorn/prefer-ternary": "error",
  "unicorn/prefer-top-level-await": "error",
  "unicorn/prefer-type-error": "error",
  "unicorn/prevent-abbreviations": "off",
  "unicorn/relative-url-style": "error",
  "unicorn/require-array-join-separator": "error",
  "unicorn/require-module-specifiers": "error",
  "unicorn/require-number-to-fixed-digits-argument": "error",
  "unicorn/require-post-message-target-origin": "off",
  "unicorn/string-content": "off",
  "unicorn/switch-case-braces": "off",
  "unicorn/template-indent": "off",
  "unicorn/text-encoding-identifier-case": "error",
  "unicorn/throw-new-error": "error",
}
`;
